// Jest Snapshot v1, https://goo.gl/fbAQLP

exports[`renders the button 1`] = `
<button
  className="btn btn-default"
  disabled={false}
  type="button"
>
  Hello world
</button>
`;
