// Jest Snapshot v1, https://goo.gl/fbAQLP

exports[`renders the api text 1`] = `
<div>
  <p>
    page about API calls
  </p>
  <button
    className="btn btn-default"
    disabled={false}
    type="button"
  >
    Call Api
  </button>
</div>
`;
