// Jest Snapshot v1, https://goo.gl/fbAQLP

exports[`renders the home texts 1`] = `
<div>
  Welcome to the home page!
</div>
`;
